../Core/Src/z_touch_XPT2046.c:29:6:Touch_HandlePenDownInterrupt	4	static
../Core/Src/z_touch_XPT2046.c:39:6:HAL_GPIO_EXTI_Callback	16	static
../Core/Src/z_touch_XPT2046.c:58:6:HAL_GPIO_EXTI_Falling_Callback	16	static
../Core/Src/z_touch_XPT2046.c:62:6:HAL_GPIO_EXTI_Rising_Callback	16	static
../Core/Src/z_touch_XPT2046.c:73:6:Touch_Select	8	static
../Core/Src/z_touch_XPT2046.c:89:6:Touch_UnSelect	8	static
../Core/Src/z_touch_XPT2046.c:106:10:Touch_PollAxis	24	static
../Core/Src/z_touch_XPT2046.c:149:9:Touch_PollTouch	24	static
../Core/Src/z_touch_XPT2046.c:174:6:Touch_GetXYtouch	48	static
../Core/Src/z_touch_XPT2046.c:256:9:Touch_WaitForTouch	24	static
../Core/Src/z_touch_XPT2046.c:279:9:Touch_WaitForUntouch	24	static
../Core/Src/z_touch_XPT2046.c:314:9:Touch_In_XY_area	32	static
../Core/Src/z_touch_XPT2046.c:345:9:Touch_GotATouch	24	static
../Core/Src/z_touch_XPT2046.c:378:9:Touch_TouchGFXSampleTouch	24	static
